
> @video-replica/client@0.1.0 check
> biome check . && tsc -b && vitest run

Checked 54 files in 49ms. No fixes applied.

[1m[30m[46m RUN [49m[39m[22m [36mv4.1.10 [39m[90m/Users/honor.pei/Documents/订单项目/乡墅爆款短视频复刻/.worktrees/feat/customer-v3-t02-baseline/client[39m

 [32m✓[39m src/useWorkspaceReadiness.test.ts [2m([22m[2m22 tests[22m[2m)[22m[32m 11[2mms[22m[39m
 [32m✓[39m src/api.test.ts [2m([22m[2m40 tests[22m[2m)[22m[32m 20[2mms[22m[39m
 [32m✓[39m src/WalletPanel.test.tsx [2m([22m[2m4 tests[22m[2m)[22m[32m 187[2mms[22m[39m
 [32m✓[39m src/VideoResultStage.test.tsx [2m([22m[2m10 tests[22m[2m)[22m[32m 270[2mms[22m[39m
 [32m✓[39m src/AdminApp.test.tsx [2m([22m[2m4 tests[22m[2m)[22m[32m 298[2mms[22m[39m
 [32m✓[39m src/GenerationLauncher.test.tsx [2m([22m[2m16 tests[22m[2m)[22m[33m 309[2mms[22m[39m
 [32m✓[39m src/CharacterReferenceSelection.test.tsx [2m([22m[2m8 tests[22m[2m)[22m[33m 360[2mms[22m[39m
 [32m✓[39m src/CharacterSelection.test.tsx [2m([22m[2m12 tests[22m[2m)[22m[33m 485[2mms[22m[39m
 [32m✓[39m src/SourceFrameSelection.test.tsx [2m([22m[2m16 tests[22m[2m)[22m[33m 574[2mms[22m[39m
 [32m✓[39m src/AppGenerationFlow.test.tsx [2m([22m[2m4 tests[22m[2m)[22m[33m 424[2mms[22m[39m
 [32m✓[39m src/ProjectDetailFlow.test.tsx [2m([22m[2m9 tests[22m[2m)[22m[33m 642[2mms[22m[39m
 [32m✓[39m src/FirstFrameSelection.test.tsx [2m([22m[2m21 tests[22m[2m)[22m[33m 770[2mms[22m[39m
 [32m✓[39m src/CharacterLibrary.test.tsx [2m([22m[2m16 tests[22m[2m)[22m[33m 711[2mms[22m[39m
 [32m✓[39m src/internalBillingApi.test.ts [2m([22m[2m4 tests[22m[2m)[22m[32m 8[2mms[22m[39m
 [32m✓[39m src/WorkspaceTabs.test.tsx [2m([22m[2m9 tests[22m[2m)[22m[32m 141[2mms[22m[39m
 [32m✓[39m src/PromptMarkdown.test.tsx [2m([22m[2m7 tests[22m[2m)[22m[32m 153[2mms[22m[39m
 [32m✓[39m src/GenerationComposer.test.tsx [2m([22m[2m21 tests[22m[2m)[22m[33m 1012[2mms[22m[39m
 [32m✓[39m src/windowChrome.test.ts [2m([22m[2m1 test[22m[2m)[22m[32m 2[2mms[22m[39m
 [32m✓[39m src/ScriptEditor.test.tsx [2m([22m[2m15 tests[22m[2m)[22m[32m 166[2mms[22m[39m
 [32m✓[39m src/RootApp.test.tsx [2m([22m[2m3 tests[22m[2m)[22m[32m 107[2mms[22m[39m
 [32m✓[39m src/e2e_contract.test.tsx [2m([22m[2m1 test[22m[2m)[22m[32m 174[2mms[22m[39m
 [32m✓[39m src/TaskRecordsPanel.test.tsx [2m([22m[2m17 tests[22m[2m)[22m[33m 1148[2mms[22m[39m
     [33m[2m✓[22m[39m opens the newest batch on the result stage with automatic streaming preview [33m 369[2mms[22m[39m
 [32m✓[39m src/App.test.tsx [2m([22m[2m35 tests[22m[2m)[22m[33m 2088[2mms[22m[39m
     [33m[2m✓[22m[39m lets an employee edit and save the latest analysis shot cards [33m 871[2mms[22m[39m
 [32m✓[39m src/AnalysisWorkspace.test.tsx [2m([22m[2m29 tests[22m[2m)[22m[33m 5426[2mms[22m[39m
     [33m[2m✓[22m[39m preserves downstream gates for idempotent confirmations and rolls back on a changed character [33m 388[2mms[22m[39m
     [33m[2m✓[22m[39m prevents shot edits while a changed draft is being saved [33m 870[2mms[22m[39m
     [33m[2m✓[22m[39m 标签页①：镜头卡自动保存后内容徽章转就绪（口播稿有匹配版本） [33m 837[2mms[22m[39m
     [33m[2m✓[22m[39m 标签页①：旧镜头卡补标运动后展开结构化编辑并自动保存 motion [33m 1636[2mms[22m[39m

[2m Test Files [22m [1m[32m24 passed[39m[22m[90m (24)[39m
[2m      Tests [22m [1m[32m324 passed[39m[22m[90m (324)[39m
[2m   Start at [22m 00:18:27
[2m   Duration [22m 7.01s[2m (transform 4.97s, setup 4.22s, import 5.62s, tests 15.49s, environment 18.59s)[22m

