Using CPython 3.13.13
Creating virtual environment at: server/.venv
   Building video-replica-api @ file:///Users/honor.pei/Documents/%E8%AE%A2%E5%8D%95%E9%A1%B9%E7%9B%AE/%E4%B9%A1%E5%A2%85%E7%88%86%E6%AC%BE%E7%9F%AD%E8%A7%86%E9%A2%91%E5%A4%8D%E5%88%BB/.worktrees/feat/customer-v3-t02-baseline/server
Downloading pygments (1.2MiB)
Downloading cryptography (3.8MiB)
Downloading ruff (10.1MiB)
Downloading pycryptodome (2.4MiB)
Downloading mypy (13.3MiB)
Downloading pydantic-core (1.9MiB)
Downloading sqlalchemy (2.1MiB)
Downloading ast-serialize (1.1MiB)
   Building crcmod==1.7
      Built video-replica-api @ file:///Users/honor.pei/Documents/%E8%AE%A2%E5%8D%95%E9%A1%B9%E7%9B%AE/%E4%B9%A1%E5%A2%85%E7%88%86%E6%AC%BE%E7%9F%AD%E8%A7%86%E9%A2%91%E5%A4%8D%E5%88%BB/.worktrees/feat/customer-v3-t02-baseline/server
      Built crcmod==1.7
 Downloaded ast-serialize
 Downloaded pygments
 Downloaded pydantic-core
 Downloaded sqlalchemy
 Downloaded pycryptodome
 Downloaded cryptography
 Downloaded ruff
 Downloaded mypy
Installed 44 packages in 48ms
All checks passed!
